// Vitest Snapshot v1, https://vitest.dev/guide/snapshot.html

exports[`Profile Card snapshot 1`] = `null`;
